{
  "version": "1.5.0",
  "plugins_used": [
    {"name": "Base64HighEntropyString", "entropy_limit": 4.5},
    {"name": "HexHighEntropyString", "entropy_limit": 3.0},
    {"name": "PrivateKeyDetector"},
    {"name": "ArtifactoryDetector"},
    {"name": "AWSKeyDetector"},
    {"name": "AzureStorageKeyDetector"},
    {"name": "BasicAuthDetector"},
    {"name": "CloudantDetector"},
    {"name": "DiscordBotTokenDetector"},
    {"name": "GitHubTokenDetector"},
    {"name": "JwtTokenDetector"},
    {"name": "MailchimpDetector"},
    {"name": "NpmDetector"},
    {"name": "OpenAIDetector"},
    {"name": "PrivateKeyDetector"},
    {"name": "SendGridDetector"},
    {"name": "SlackDetector"},
    {"name": "SoftlayerDetector"},
    {"name": "SquareDetector"},
    {"name": "StripeDetector"},
    {"name": "TwilioDetector"}
  ],
  "filters_used": [],
  "results": [],
  "exclude_files": [
    ".gitignore",
    ".secrets.baseline",
    "requirements.txt",
    "requirements-dev.txt",
    "package.json",
    "package-lock.json"
  ]
}